// Jest Snapshot v1, https://goo.gl/fbAQLP

exports[`NewsContainer should correctly match the snapshot with all the data passed correctly 1`] = `
<main
  className="news-container"
>
  <NewsArticle
    description="b"
    headline="b"
    image="b"
    key="0"
    url="b"
  />
  <NewsArticle
    description="b"
    headline="b"
    image="b"
    key="1"
    url="b"
  />
</main>
`;
