// Jest Snapshot v1, https://goo.gl/fbAQLP

exports[`Menu should correctly match the snapshot with all the data passed correctly 1`] = `
<nav
  className="menu"
>
  <h1
    id="logo"
  >
    News Your Own 
    <span
      id="new-feature-word"
    >
      Adventure
    </span>
  </h1>
  <button
    className="menu-button"
    onClick={[Function]}
  >
    <img
      className="menu-button-icon"
      src="you-are-here.png"
    />
      Local News
  </button>
  <button
    className="menu-button"
    onClick={[Function]}
  >
    <img
      className="menu-button-icon"
      src="technology.png"
    />
     Technology
  </button>
  <button
    className="menu-button"
    onClick={[Function]}
  >
    <img
      className="menu-button-icon"
      src="entertainment.png"
    />
     Entertainment
  </button>
  <button
    className="menu-button"
    onClick={[Function]}
  >
    <img
      className="menu-button-icon"
      src="science.png"
    />
     Science
  </button>
  <button
    className="menu-button"
    onClick={[Function]}
  >
    <img
      className="menu-button-icon"
      src="health.png"
    />
     Health
  </button>
</nav>
`;
